// Jest Snapshot v1, https://goo.gl/fbAQLP

exports[`changeBodyTypeSaga saga when bodyType is anything else should throw 1`] = `"Body type foo is not supported"`;
