// Jest Snapshot v1, https://goo.gl/fbAQLP

exports[`should render correctly 1`] = `
<div
  className="NupZf"
>
  <button
    className="btn btn-link"
    disabled={false}
    onClick={[Function]}
    type="button"
  >
    <h4>
      Test
      <i
        className="fa fa-angle-right"
        role="presentation"
      />
    </h4>
  </button>
  <div
    aria-expanded={null}
    className="collapse col-xs-12"
  >
    <h3>
      test
    </h3>
  </div>
</div>
`;
