exports[`test Request renders correctly 1`] = `
<div>
  <h2>
    Request
  </h2>
</div>
`;
