exports[`response component renders a result when given one 1`] = `
<div
  className="panel panel-default"
  id={undefined}>
  <div
    className="panel-heading">
    <h3>
      GET
       - 
      <a
        href="http://example.com">
        http://example.com
      </a>
    </h3>
  </div>
  <div
    className="panel-body">
    <strong>
      200
    </strong>
    <small>
      OK
    </small>
    <div
      className="row">
      <button
        className="btn btn-link"
        disabled={false}
        onClick={[Function]}
        type="button">
        <h3>
          Headers
          <i
            className="fa fa-angle-right" />
        </h3>
      </button>
      <div
        aria-expanded={null}
        className="collapse col-xs-12" />
    </div>
  </div>
</div>
`;

exports[`response component renders nothing given no props 1`] = `null`;
