exports[`test should render correctly 1`] = `
<div
  className="panel panel-default"
  id={undefined}>
  <div
    className="panel-heading">
    <span>
      Request
    </span>
  </div>
  <div
    className="panel-body">
    <form
      onSubmit={[Function]}>
      <div
        className="form-group">
        <div
          className="col-sm-2">
          <label
            className="control-label"
            htmlFor="url">
            URL
          </label>
        </div>
        <div
          className="col-sm-10">
          <input
            className="form-control"
            id="url"
            name="url"
            onBlur={[Function]}
            onChange={[Function]}
            onDragStart={[Function]}
            onDrop={[Function]}
            onFocus={[Function]}
            placeholder={undefined}
            type="text"
            value="" />
        </div>
      </div>
      <div
        className="form-group">
        <div
          className="col-sm-2">
          <label
            className="control-label"
            htmlFor="method">
            Method
          </label>
        </div>
        <div
          className="col-sm-8">
          <select
            className="form-control"
            id="method"
            name="method"
            onBlur={[Function]}
            onChange={[Function]}
            onDragStart={[Function]}
            onDrop={[Function]}
            onFocus={[Function]}
            placeholder="Method"
            type={undefined}
            value="GET">
            <option
              value="GET">
              GET
            </option>
            <option
              value="POST">
              POST
            </option>
            <option
              value="PUT">
              PUT
            </option>
            <option
              value="DELETE">
              DELETE
            </option>
            <option
              value="PATCH">
              PATCH
            </option>
            <option
              value="HEAD">
              HEAD
            </option>
            <option
              value="JSONP">
              JSONP
            </option>
            <option
              value="CUSTOM">
              CUSTOM
            </option>
          </select>
        </div>
        <div
          className="col-sm-2">
          <button
            className="btn btn-primary"
            disabled={false}
            type="submit">
            Send request
          </button>
        </div>
      </div>
      <div
        className="row">
        <button
          className="btn btn-link"
          disabled={false}
          onClick={[Function]}
          type="button">
          <h4>
            Headers
            <i
              className="fa fa-angle-right"
              role="presentation" />
          </h4>
        </button>
        <div
          aria-expanded={null}
          className="collapse col-xs-12">
          <div
            className="form-group">
            <div
              className="col-xs-4">
              <input
                className="form-control"
                id="header.headers[0]"
                name="headers[0].name"
                onBlur={[Function]}
                onChange={[Function]}
                onDragStart={[Function]}
                onDrop={[Function]}
                onFocus={[Function]}
                placeholder="Name"
                type="text"
                value="" />
            </div>
            <div
              className="col-xs-5">
              <input
                className="form-control"
                id="header.headers[0]"
                name="headers[0].value"
                onBlur={[Function]}
                onChange={[Function]}
                onDragStart={[Function]}
                onDrop={[Function]}
                onFocus={[Function]}
                placeholder="Value"
                type="text"
                value="" />
            </div>
            <div
              className="col-xs-1">
              <button
                className="btn btn-default"
                disabled={false}
                id="removeHeaderButton0"
                onClick={[Function]}
                type="button">
                <i
                  className="fa fa-trash"
                  role="presentation" />
                <span
                  className="sr-only">
                  Remove header
                </span>
              </button>
            </div>
          </div>
          <div
            className="col-xs-12">
            <button
              className="btn btn-default"
              disabled={false}
              id="addHeaderButton"
              onClick={[Function]}
              type="button">
              <i
                className="fa fa-plus"
                role="presentation" />
              Add header
            </button>
          </div>
        </div>
      </div>
      <div
        className="row">
        <button
          className="btn btn-link"
          disabled={false}
          onClick={[Function]}
          type="button">
          <h4>
            Basic auth
            <i
              className="fa fa-angle-right"
              role="presentation" />
          </h4>
        </button>
        <div
          aria-expanded={null}
          className="collapse col-xs-12">
          <div
            className="form-group">
            BasicAuth
          </div>
        </div>
      </div>
    </form>
  </div>
</div>
`;
