// Jest Snapshot v1, https://goo.gl/fbAQLP

exports[`Loading matches the previous snapshot 1`] = `
<i
  className="fa fa-gear fa-spin col-xs-12 text-center"
  role="presentation"
/>
`;
